[{"stream_name":"stderr","time":8.418801501,"data":"0.00s - Debugger warning: It seems that frozen modules are being used, which may\n"}
,{"stream_name":"stderr","time":8.418935867,"data":"0.00s - make the debugger miss breakpoints. Please pass -Xfrozen_modules=off\n"}
,{"stream_name":"stderr","time":8.418944406,"data":"0.00s - to python to disable frozen modules.\n"}
,{"stream_name":"stderr","time":8.41894774,"data":"0.00s - Note: Debugging will proceed. Set PYDEVD_DISABLE_FILE_VALIDATION=1 to disable this validation.\n"}
,{"stream_name":"stderr","time":9.133434089,"data":"0.00s - Debugger warning: It seems that frozen modules are being used, which may\n"}
,{"stream_name":"stderr","time":9.133476057,"data":"0.00s - make the debugger miss breakpoints. Please pass -Xfrozen_modules=off\n"}
,{"stream_name":"stderr","time":9.133483064,"data":"0.00s - to python to disable frozen modules.\n"}
,{"stream_name":"stderr","time":9.133488459,"data":"0.00s - Note: Debugging will proceed. Set PYDEVD_DISABLE_FILE_VALIDATION=1 to disable this validation.\n"}
,{"stream_name":"stdout","time":11.684772316,"data":"[    0.0s] input root: /kaggle/input/competitions/rsna-knee-abnormality-detection\n"}
,{"stream_name":"stdout","time":11.718742826,"data":"[    0.0s] benchmark submission.csv written (3 rows)\n"}
,{"stream_name":"stdout","time":11.844547786,"data":"[    0.2s] train (4407, 14)  test (3, 1)\n"}
,{"stream_name":"stdout","time":37.277598814,"data":"[   25.6s] read 4407 reports in 25.4s\n"}
,{"stream_name":"stdout","time":37.281781295,"data":"[   25.6s] 58 studies carry the twelve annotations\n"}
,{"stream_name":"stdout","time":37.29838566,"data":"                  derived positive rate  silence rate  annotated positive rate\n"}
,{"stream_name":"stdout","time":37.298417912,"data":"ACL                               0.265         0.197                    0.414\n"}
,{"stream_name":"stdout","time":37.298425115,"data":"MCL                               0.157         0.207                    0.155\n"}
,{"stream_name":"stdout","time":37.298431297,"data":"Medial Meniscus                   0.526         0.155                    0.448\n"}
,{"stream_name":"stdout","time":37.298438845,"data":"Lateral Meniscus                  0.264         0.207                    0.397\n"}
,{"stream_name":"stdout","time":37.29844547,"data":"Medial OA                         0.392         0.672                    0.259\n"}
,{"stream_name":"stdout","time":37.29845101,"data":"Lateral OA                        0.337         0.764                    0.190\n"}
,{"stream_name":"stdout","time":37.298456521,"data":"PF OA                             0.478         0.583                    0.362\n"}
,{"stream_name":"stdout","time":37.298462726,"data":"Effusion                          0.588         0.143                    0.603\n"}
,{"stream_name":"stdout","time":37.298468146,"data":"Synovitis                         0.423         0.872                    0.466\n"}
,{"stream_name":"stdout","time":37.298473878,"data":"Baker's                           0.279         0.542                    0.207\n"}
,{"stream_name":"stdout","time":37.29848002,"data":"Contusion                         0.256         0.629                    0.328\n"}
,{"stream_name":"stdout","time":37.298485418,"data":"Fracture                          0.077         0.799                    0.310\n"}
,{"stream_name":"stdout","time":71.413449529,"data":"          target   auc    lo    hi  npos  nneg\n"}
,{"stream_name":"stdout","time":71.413493106,"data":"             ACL 0.953 0.887 0.999    24    34\n"}
,{"stream_name":"stdout","time":71.413501151,"data":"             MCL 0.964 0.911 1.000     9    49\n"}
,{"stream_name":"stdout","time":71.413507154,"data":" Medial Meniscus 0.894 0.802 0.962    26    32\n"}
,{"stream_name":"stdout","time":71.413525062,"data":"Lateral Meniscus 0.846 0.734 0.941    23    35\n"}
,{"stream_name":"stdout","time":71.413529834,"data":"       Medial OA 0.895 0.792 0.973    15    43\n"}
,{"stream_name":"stdout","time":71.413534293,"data":"      Lateral OA 0.839 0.680 0.964    11    47\n"}
,{"stream_name":"stdout","time":71.413538767,"data":"           PF OA 0.833 0.716 0.930    21    37\n"}
,{"stream_name":"stdout","time":71.413543155,"data":"        Effusion 0.777 0.636 0.890    35    23\n"}
,{"stream_name":"stdout","time":71.413547638,"data":"       Synovitis 0.709 0.564 0.846    27    31\n"}
,{"stream_name":"stdout","time":71.413552224,"data":"         Baker's 0.940 0.844 0.996    12    46\n"}
,{"stream_name":"stdout","time":71.41355869,"data":"       Contusion 0.856 0.740 0.946    19    39\n"}
,{"stream_name":"stdout","time":71.413569866,"data":"        Fracture 0.833 0.716 0.934    18    40\n"}
,{"stream_name":"stdout","time":71.413573156,"data":"\n"}
,{"stream_name":"stdout","time":71.41357616,"data":"macro agreement AUC: 0.8617   mean silence rate: 48.1%\n"}
,{"stream_name":"stdout","time":74.044548264,"data":"en       1814\n"}
,{"stream_name":"stdout","time":74.044590132,"data":"es        682\n"}
,{"stream_name":"stdout","time":74.044595546,"data":"tr        487\n"}
,{"stream_name":"stdout","time":74.04460016,"data":"hr        405\n"}
,{"stream_name":"stdout","time":74.044604869,"data":"el        321\n"}
,{"stream_name":"stdout","time":74.044609471,"data":"de        258\n"}
,{"stream_name":"stdout","time":74.044613958,"data":"bg/ru     220\n"}
,{"stream_name":"stdout","time":74.044618465,"data":"nl        152\n"}
,{"stream_name":"stdout","time":74.044622903,"data":"fr         64\n"}
,{"stream_name":"stdout","time":74.04462739,"data":"?           4\n"}
,{"stream_name":"stdout","time":76.697574797,"data":"          target  silent  names it anyway\n"}
,{"stream_name":"stdout","time":76.697610027,"data":"             ACL     870             33.3\n"}
,{"stream_name":"stdout","time":76.69762282,"data":"             MCL     914             32.3\n"}
,{"stream_name":"stdout","time":76.697627497,"data":" Medial Meniscus     682             50.6\n"}
,{"stream_name":"stdout","time":76.697631261,"data":"Lateral Meniscus     912             39.5\n"}
,{"stream_name":"stdout","time":84.644126572,"data":"cuda:0 probe PASS (compute 7.5)\n"}
,{"stream_name":"stdout","time":84.703267204,"data":"cuda:1 probe PASS (compute 7.5)\n"}
,{"stream_name":"stdout","time":84.703341655,"data":"devices: ['cuda:0', 'cuda:1']\n"}
,{"stream_name":"stdout","time":84.755119932,"data":"[    0.1s] input root: /kaggle/input/competitions/rsna-knee-abnormality-detection\n"}
,{"stream_name":"stdout","time":84.86535881,"data":"[    0.2s] memory: 29.4 GB available, 13.2 GB to the cache; sizing for 4407 train + 1322 test studies -\u003e 1 group(s) of 3 = 3 slices per slot\n"}
,{"stream_name":"stdout","time":84.866474264,"data":"[    0.2s] cache layout: 1 groups x 3 slices = 3 per slot\n"}
,{"stream_name":"stdout","time":107.946844336,"data":"[   23.3s] weights package: 20 member(s) from /kaggle/input/rsna-knee-weights; 2 device(s)\n"}
,{"stream_name":"stdout","time":108.046624224,"data":"[   23.4s] test header pass: 15 series\n"}
,{"stream_name":"stdout","time":111.607127131,"data":"[   26.9s] legacy bundle rsna_20260807_v1.pt: 4 fold(s) join with target-specific per-member weights [2.5, 5.0, 15.0]\n"}
,{"stream_name":"stdout","time":111.607965289,"data":"[   26.9s] decode group 1/2: 336px x 12 slices, crop 130.0 mm -\u003e 20 member(s)\n"}
,{"stream_name":"stdout","time":111.633713232,"data":"[   26.9s] test laterality: 1 from the tag, 2 from geometry, 0 unresolved; tag and geometry disagree on 0 (0.0% of the tagged)\n"}
,{"stream_name":"stdout","time":111.634899671,"data":"[   26.9s] test g1: cache (3, 6, 12, 336, 336) = 0.0 GB\n"}
,{"stream_name":"stdout","time":111.635773438,"data":"[   26.9s] test g1: ordering 12 slot-series (469 slice headers)\n"}
,{"stream_name":"stdout","time":113.585629189,"data":"[   28.9s] test g1: ordered 12/12 by geometry (0 kept arbitrary) in 2s\n"}
,{"stream_name":"stdout","time":113.586787157,"data":"[   28.9s] test g1: decoding 12 slot-series\n"}
,{"stream_name":"stdout","time":114.528659277,"data":"[   29.8s]   test g1 12/12\n"}
,{"stream_name":"stdout","time":114.537226522,"data":"[   29.8s] test g1: 12/12 slots filled\n"}
,{"stream_name":"stdout","time":118.006858017,"data":"[   33.0s] backbone: 12 blocks, last 6 trainable (10.7M params), feature dim 768\n"}
,{"stream_name":"stdout","time":119.230342851,"data":"[   34.5s] e5427d6c21: fingerprint matches within 2.8e-06\n"}
,{"stream_name":"stdout","time":120.478292112,"data":"[   35.8s]   banked e5427d6c21 fold 2 (10 window(s)); submission.csv = weighted rank mean of 1 member(s)\n"}
,{"stream_name":"stdout","time":121.196919078,"data":"[   36.2s] backbone: 12 blocks, last 6 trainable (10.7M params), feature dim 768\n"}
,{"stream_name":"stdout","time":121.388827374,"data":"[   36.7s] d47313baef: fingerprint matches within 2.1e-06\n"}
,{"stream_name":"stdout","time":122.273961439,"data":"[   37.6s]   banked d47313baef fold 2 (10 window(s)); submission.csv = weighted rank mean of 2 member(s)\n"}
,{"stream_name":"stdout","time":123.391420492,"data":"[   38.4s] backbone: 12 blocks, last 6 trainable (10.7M params), feature dim 768\n"}
,{"stream_name":"stdout","time":123.497036012,"data":"[   38.8s] ea3fbf6edf: fingerprint matches within 3.8e-06\n"}
,{"stream_name":"stdout","time":125.193933172,"data":"[   40.5s]   banked ea3fbf6edf fold 2 (10 window(s), jitter); submission.csv = weighted rank mean of 3 member(s)\n"}
,{"stream_name":"stdout","time":125.705915086,"data":"[   40.8s] backbone: 12 blocks, last 6 trainable (10.7M params), feature dim 768\n"}
,{"stream_name":"stdout","time":125.856411163,"data":"[   41.2s] 5f8ba4c5ea: fingerprint matches within 3.3e-06\n"}
,{"stream_name":"stdout","time":127.333636802,"data":"[   42.6s]   banked 5f8ba4c5ea fold 2 (10 window(s), jitter); submission.csv = weighted rank mean of 4 member(s)\n"}
,{"stream_name":"stdout","time":128.122272817,"data":"[   43.1s] backbone: 12 blocks, last 6 trainable (10.7M params), feature dim 768\n"}
,{"stream_name":"stdout","time":128.244953935,"data":"[   43.5s] 013dc75703: fingerprint matches within 3.3e-06\n"}
,{"stream_name":"stdout","time":129.785422474,"data":"[   45.1s]   banked 013dc75703 fold 4 (10 window(s), jitter); submission.csv = weighted rank mean of 5 member(s)\n"}
,{"stream_name":"stdout","time":130.342233125,"data":"[   45.4s] backbone: 12 blocks, last 6 trainable (10.7M params), feature dim 768\n"}
,{"stream_name":"stdout","time":130.44876568,"data":"[   45.8s] 2f7e785e82: fingerprint matches within 1.1e-06\n"}
,{"stream_name":"stdout","time":132.437971949,"data":"[   47.5s] backbone: 12 blocks, last 6 trainable (10.7M params), feature dim 768\n"}
,{"stream_name":"stdout","time":132.438019653,"data":"[   47.5s]   banked 2f7e785e82 fold 4 (10 window(s), jitter); submission.csv = weighted rank mean of 6 member(s)\n"}
,{"stream_name":"stdout","time":132.580325673,"data":"[   47.9s] 8baecb9d1b: fingerprint matches within 2.4e-06\n"}
,{"stream_name":"stdout","time":134.216395989,"data":"[   49.2s] backbone: 12 blocks, last 6 trainable (10.7M params), feature dim 768\n"}
,{"stream_name":"stdout","time":134.338135369,"data":"[   49.6s]   banked 8baecb9d1b fold 4 (10 window(s), jitter); submission.csv = weighted rank mean of 7 member(s)\n"}
,{"stream_name":"stdout","time":134.62651012,"data":"[   49.9s] 44bc3c6f14: fingerprint matches within 3.8e-06\n"}
,{"stream_name":"stdout","time":136.558192612,"data":"[   51.6s]   banked 44bc3c6f14 fold 0 (10 window(s), jitter); submission.csv = weighted rank mean of 8 member(s)\n"}
,{"stream_name":"stdout","time":136.558240564,"data":"[   51.6s] backbone: 12 blocks, last 6 trainable (10.7M params), feature dim 768\n"}
,{"stream_name":"stdout","time":136.761375609,"data":"[   52.1s] 44128e3ff3: fingerprint matches within 4.3e-06\n"}
,{"stream_name":"stdout","time":138.306957862,"data":"[   53.6s]   banked 44128e3ff3 fold 0 (10 window(s), jitter); submission.csv = weighted rank mean of 9 member(s)\n"}
,{"stream_name":"stdout","time":139.026456901,"data":"[   54.1s] backbone: 12 blocks, last 6 trainable (10.7M params), feature dim 768\n"}
,{"stream_name":"stdout","time":139.189735947,"data":"[   54.5s] 84079fe8cb: fingerprint matches within 1.2e-06\n"}
,{"stream_name":"stdout","time":140.668346827,"data":"[   56.0s]   banked 84079fe8cb fold 3 (10 window(s), jitter); submission.csv = weighted rank mean of 10 member(s)\n"}
,{"stream_name":"stdout","time":141.309131963,"data":"[   56.3s] backbone: 12 blocks, last 6 trainable (10.7M params), feature dim 768\n"}
,{"stream_name":"stdout","time":141.412718779,"data":"[   56.7s] ed427aa10a: fingerprint matches within 4.6e-06\n"}
,{"stream_name":"stdout","time":143.438489243,"data":"[   58.5s] backbone: 12 blocks, last 6 trainable (10.7M params), feature dim 768\n"}
,{"stream_name":"stdout","time":143.438524379,"data":"[   58.5s]   banked ed427aa10a fold 0 (10 window(s), jitter); submission.csv = weighted rank mean of 11 member(s)\n"}
,{"stream_name":"stdout","time":143.615137471,"data":"[   58.9s] 2dce50ebd9: fingerprint matches within 3.8e-06\n"}
,{"stream_name":"stdout","time":145.221534858,"data":"[   60.2s] backbone: 12 blocks, last 6 trainable (10.7M params), feature dim 768\n"}
,{"stream_name":"stdout","time":145.33601655,"data":"[   60.6s]   banked 2dce50ebd9 fold 0 (10 window(s), jitter); submission.csv = weighted rank mean of 12 member(s)\n"}
,{"stream_name":"stdout","time":145.629730269,"data":"[   60.9s] 3d1f4c48fc: fingerprint matches within 1.3e-06\n"}
,{"stream_name":"stdout","time":147.135095381,"data":"[   62.0s] backbone: 12 blocks, last 6 trainable (10.7M params), feature dim 768\n"}
,{"stream_name":"stdout","time":147.39817626,"data":"[   62.7s] 91f171fe6f: fingerprint matches within 2.6e-06\n"}
,{"stream_name":"stdout","time":147.441998607,"data":"[   62.7s]   banked 3d1f4c48fc fold 4 (10 window(s), jitter); submission.csv = weighted rank mean of 13 member(s)\n"}
,{"stream_name":"stdout","time":149.025382822,"data":"[   64.0s] backbone: 12 blocks, last 6 trainable (10.7M params), feature dim 768\n"}
,{"stream_name":"stdout","time":149.1507466,"data":"[   64.5s]   banked 91f171fe6f fold 1 (10 window(s), jitter); submission.csv = weighted rank mean of 14 member(s)\n"}
,{"stream_name":"stdout","time":149.449135014,"data":"[   64.8s] 8476b29285: fingerprint matches within 4.4e-06\n"}
,{"stream_name":"stdout","time":151.131498844,"data":"[   66.1s] backbone: 12 blocks, last 6 trainable (10.7M params), feature dim 768\n"}
,{"stream_name":"stdout","time":151.257415606,"data":"[   66.6s]   banked 8476b29285 fold 1 (10 window(s), jitter); submission.csv = weighted rank mean of 15 member(s)\n"}
,{"stream_name":"stdout","time":151.536325106,"data":"[   66.8s] 72081758ce: fingerprint matches within 2.9e-06\n"}
,{"stream_name":"stdout","time":153.164192844,"data":"[   68.2s] backbone: 12 blocks, last 6 trainable (10.7M params), feature dim 768\n"}
,{"stream_name":"stdout","time":153.271763004,"data":"[   68.6s]   banked 72081758ce fold 3 (10 window(s), jitter); submission.csv = weighted rank mean of 16 member(s)\n"}
,{"stream_name":"stdout","time":153.574615516,"data":"[   68.9s] 7f8321affc: fingerprint matches within 2.9e-06\n"}
,{"stream_name":"stdout","time":155.152203181,"data":"[   70.0s] backbone: 12 blocks, last 6 trainable (10.7M params), feature dim 768\n"}
,{"stream_name":"stdout","time":155.37425503,"data":"[   70.7s] 1e553ba481: fingerprint matches within 1.7e-06\n"}
,{"stream_name":"stdout","time":155.410535069,"data":"[   70.7s]   banked 7f8321affc fold 3 (10 window(s), jitter); submission.csv = weighted rank mean of 17 member(s)\n"}
,{"stream_name":"stdout","time":157.142019961,"data":"[   72.1s] backbone: 12 blocks, last 6 trainable (10.7M params), feature dim 768\n"}
,{"stream_name":"stdout","time":157.151806169,"data":"[   72.5s]   banked 1e553ba481 fold 1 (10 window(s), jitter); submission.csv = weighted rank mean of 18 member(s)\n"}
,{"stream_name":"stdout","time":157.494354084,"data":"[   72.8s] b7c37cc80e: fingerprint matches within 1.1e-06\n"}
,{"stream_name":"stdout","time":159.105218494,"data":"[   74.0s] backbone: 12 blocks, last 6 trainable (10.7M params), feature dim 768\n"}
,{"stream_name":"stdout","time":159.325961286,"data":"[   74.6s]   banked b7c37cc80e fold 3 (10 window(s), jitter); submission.csv = weighted rank mean of 19 member(s)\n"}
,{"stream_name":"stdout","time":159.449465563,"data":"[   74.8s] f335c812fe: fingerprint matches within 2.9e-06\n"}
,{"stream_name":"stdout","time":161.242649869,"data":"[   76.3s]   banked f335c812fe fold 1 (10 window(s), jitter); submission.csv = weighted rank mean of 20 member(s)\n"}
,{"stream_name":"stdout","time":161.24354328,"data":"[   76.5s] decode group 2/2: 224px x 9 slices, crop 160.0 mm -\u003e 4 member(s)\n"}
,{"stream_name":"stdout","time":161.273472236,"data":"[   76.6s] test laterality: 1 from the tag, 2 from geometry, 0 unresolved; tag and geometry disagree on 0 (0.0% of the tagged)\n"}
,{"stream_name":"stdout","time":161.27440207,"data":"[   76.6s] test g2: cache (3, 6, 9, 224, 224) = 0.0 GB\n"}
,{"stream_name":"stdout","time":161.275526302,"data":"[   76.6s] test g2: ordering 14 slot-series (523 slice headers)\n"}
,{"stream_name":"stdout","time":162.61405428,"data":"[   77.9s] test g2: ordered 14/14 by geometry (0 kept arbitrary) in 1s\n"}
,{"stream_name":"stdout","time":162.615518052,"data":"[   77.9s] test g2: decoding 14 slot-series\n"}
,{"stream_name":"stdout","time":163.391971498,"data":"[   78.7s]   test g2 14/14\n"}
,{"stream_name":"stdout","time":163.665697961,"data":"[   78.7s] test g2: 14/14 slots filled\n"}
,{"stream_name":"stdout","time":164.246475304,"data":"[   79.3s] backbone: 12 blocks, last 6 trainable (10.7M params), feature dim 1152\n"}
,{"stream_name":"stdout","time":164.247481556,"data":"[   79.4s]   legacy-f0: no stored fingerprint (legacy bundle) -- accepted at reduced weight\n"}
,{"stream_name":"stdout","time":164.899058806,"data":"[   79.8s] backbone: 12 blocks, last 6 trainable (10.7M params), feature dim 1152\n"}
,{"stream_name":"stdout","time":164.900228894,"data":"[   80.0s]   legacy-f1: no stored fingerprint (legacy bundle) -- accepted at reduced weight\n"}
,{"stream_name":"stdout","time":165.227178154,"data":"[   80.5s]   banked legacy-f0 fold 0 (7 window(s), jitter); submission.csv = weighted rank mean of 21 member(s)\n"}
,{"stream_name":"stdout","time":165.913923683,"data":"[   80.9s] backbone: 12 blocks, last 6 trainable (10.7M params), feature dim 1152\n"}
,{"stream_name":"stdout","time":166.042857901,"data":"[   81.3s]   banked legacy-f1 fold 1 (7 window(s), jitter); submission.csv = weighted rank mean of 22 member(s)\n"}
,{"stream_name":"stdout","time":166.069377018,"data":"[   81.4s]   legacy-f2: no stored fingerprint (legacy bundle) -- accepted at reduced weight\n"}
,{"stream_name":"stdout","time":166.844349159,"data":"[   81.7s] backbone: 12 blocks, last 6 trainable (10.7M params), feature dim 1152\n"}
,{"stream_name":"stdout","time":166.845245032,"data":"[   82.0s]   legacy-f3: no stored fingerprint (legacy bundle) -- accepted at reduced weight\n"}
,{"stream_name":"stdout","time":167.102629717,"data":"[   82.4s]   banked legacy-f2 fold 2 (7 window(s), jitter); submission.csv = weighted rank mean of 23 member(s)\n"}
,{"stream_name":"stdout","time":167.616740184,"data":"[   82.9s]   banked legacy-f3 fold 3 (7 window(s), jitter); submission.csv = weighted rank mean of 24 member(s)\n"}
,{"stream_name":"stdout","time":167.892204639,"data":"[   83.2s] final submission.csv = weighted rank mean of 24 member(s); (3, 13); nulls 0\n"}
,{"stream_name":"stdout","time":167.903097814,"data":"[   83.2s] submission_public_0899.csv = exact no-jitter public-frontier rank mean of 20 member(s); (3, 13); nulls 0\n"}
,{"stream_name":"stdout","time":167.921229115,"data":"[   83.2s] V40 primary = exact no-jitter public-frontier target pooling; native 24-member output retained\n"}
,{"stream_name":"stdout","time":167.922212663,"data":"[   83.2s] done\n"}
,{"stream_name":"stdout","time":167.923183308,"data":"[   83.2s] done\n"}
,{"stream_name":"stdout","time":172.026623889,"data":"competition : /kaggle/input/competitions/rsna-knee-abnormality-detection\n"}
,{"stream_name":"stdout","time":172.026659412,"data":"checkpoints : /kaggle/input/knee-mri-fold-weights\n"}
,{"stream_name":"stdout","time":172.026666687,"data":"device      : cuda\n"}
,{"stream_name":"stdout","time":172.026672859,"data":"  gpu0       : Tesla T4 sm_75, 15 GiB, native bf16=False\n"}
,{"stream_name":"stdout","time":172.026679006,"data":"  gpu1       : Tesla T4 sm_75, 15 GiB, native bf16=False\n"}
,{"stream_name":"stdout","time":172.112318679,"data":"series root: /kaggle/input/competitions/rsna-knee-abnormality-detection/test_series\n"}
,{"stream_name":"stdout","time":172.112360464,"data":"3 test studies, 3 with series metadata\n"}
,{"stream_name":"stdout","time":173.774583997,"data":"loaded m_f0.pt  fold 0  vit_small_patch16_dinov3.lvd1689m pool=xcodex meta=none\n"}
,{"stream_name":"stdout","time":175.023821969,"data":"loaded m_f1.pt  fold 1  vit_small_patch16_dinov3.lvd1689m pool=xcodex meta=none\n"}
,{"stream_name":"stdout","time":175.997215128,"data":"loaded m_f2.pt  fold 2  vit_small_patch16_dinov3.lvd1689m pool=xcodex meta=none\n"}
,{"stream_name":"stdout","time":176.924033078,"data":"loaded m_f3.pt  fold 3  vit_small_patch16_dinov3.lvd1689m pool=xcodex meta=none\n"}
,{"stream_name":"stdout","time":177.609598059,"data":"loaded m_f4.pt  fold 4  vit_small_patch16_dinov3.lvd1689m pool=xcodex meta=none\n"}
,{"stream_name":"stdout","time":177.60964141,"data":"\n"}
,{"stream_name":"stdout","time":177.609649432,"data":"5 fold models ready | input norm: none\n"}
,{"stream_name":"stdout","time":177.868321975,"data":"device cuda | amp bfloat16 (on=True) | workers 4 | chunk 48 | micro 8\n"}
,{"stream_name":"stdout","time":181.637967711,"data":"  3/3  0.1m  eta 0.0m\n"}
,{"stream_name":"stdout","time":181.742391342,"data":"\n"}
,{"stream_name":"stdout","time":181.7424586,"data":"inference done in 0.1 min\n"}
,{"stream_name":"stdout","time":181.742467275,"data":"a5: rank-averaged 5 folds over 3 studies\n"}
,{"stream_name":"stdout","time":183.253898708,"data":"[   98.6s] V52 metadata audit Fluid_Sensitive: 73.3% agreement on 15 series\n"}
,{"stream_name":"stdout","time":183.255436414,"data":"[   98.6s] V52 metadata audit Fat_Suppression: 100.0% agreement on 15 series\n"}
,{"stream_name":"stdout","time":183.273662967,"data":"[   98.6s] test-e10 laterality: 1 from the tag, 2 from geometry, 0 unresolved; tag and geometry disagree on 0 (0.0% of the tagged)\n"}
,{"stream_name":"stdout","time":183.277501745,"data":"[   98.6s] test-e10: cache (3, 3, 8, 224, 224) = 0.0 GB\n"}
,{"stream_name":"stdout","time":183.278623544,"data":"[   98.6s] test-e10: ordering 8 slot-series (366 slice headers)\n"}
,{"stream_name":"stdout","time":184.155718209,"data":"[   99.5s] test-e10: ordered 8/8 by geometry (0 kept arbitrary) in 1s\n"}
,{"stream_name":"stdout","time":184.156920541,"data":"[   99.5s] test-e10: decoding 8 slot-series\n"}
,{"stream_name":"stdout","time":184.605967347,"data":"[   99.9s]   test-e10 8/8\n"}
,{"stream_name":"stdout","time":184.923790699,"data":"[   99.9s] test-e10: 8/8 slots filled\n"}
,{"stream_name":"stdout","time":186.402444884,"data":"[  101.7s] RadImageNet strict load: 23,508,032 params; inference GPUs=2\n"}
,{"stream_name":"stdout","time":187.243726977,"data":"[  102.5s] RadImageNet encoded 0/64 acquired slices\n"}
,{"stream_name":"stdout","time":188.387135964,"data":"[  103.7s] V52 metadata audit Fluid_Sensitive: 73.3% agreement on 15 series\n"}
,{"stream_name":"stdout","time":188.388026296,"data":"[  103.7s] V52 metadata audit Fat_Suppression: 100.0% agreement on 15 series\n"}
,{"stream_name":"stdout","time":188.409478856,"data":"[  103.7s] test-e13 laterality: 1 from the tag, 2 from geometry, 0 unresolved; tag and geometry disagree on 0 (0.0% of the tagged)\n"}
,{"stream_name":"stdout","time":188.410996016,"data":"[  103.7s] test-e13: cache (3, 4, 8, 224, 224) = 0.0 GB\n"}
,{"stream_name":"stdout","time":188.412158631,"data":"[  103.7s] test-e13: ordering 11 slot-series (444 slice headers)\n"}
,{"stream_name":"stdout","time":189.522478492,"data":"[  104.8s] test-e13: ordered 11/11 by geometry (0 kept arbitrary) in 1s\n"}
,{"stream_name":"stdout","time":189.523780361,"data":"[  104.8s] test-e13: decoding 11 slot-series\n"}
,{"stream_name":"stdout","time":190.029663672,"data":"[  105.3s]   test-e13 11/11\n"}
,{"stream_name":"stdout","time":190.343016455,"data":"[  105.3s] test-e13: 11/11 slots filled\n"}
,{"stream_name":"stdout","time":191.139792142,"data":"[  106.4s] RadImageNet strict load: 23,508,032 params; inference GPUs=2\n"}
,{"stream_name":"stdout","time":191.306711669,"data":"[  106.6s] RadImageNet encoded 0/88 acquired slices\n"}
,{"stream_name":"stdout","time":191.800073545,"data":"[  107.1s] V48: RadImageNet block = pinned arm + E13 crop arm, rank-averaged\n"}
,{"stream_name":"stdout","time":191.827207749,"data":"[  107.1s] E10 promoted per_target_nested over 10 dual-OOF targets; Baker's, Fracture preserve E2\n"}
,{"stream_name":"stdout","time":192.220119566,"data":"[  107.5s] V52 metadata audit Fluid_Sensitive: 73.3% agreement on 15 series\n"}
,{"stream_name":"stdout","time":192.221006606,"data":"[  107.5s] V52 metadata audit Fat_Suppression: 100.0% agreement on 15 series\n"}
,{"stream_name":"stdout","time":192.239483436,"data":"[  107.5s] test-e11 laterality: 1 from the tag, 2 from geometry, 0 unresolved; tag and geometry disagree on 0 (0.0% of the tagged)\n"}
,{"stream_name":"stdout","time":192.241141239,"data":"[  107.5s] test-e11: cache (3, 4, 8, 224, 224) = 0.0 GB\n"}
,{"stream_name":"stdout","time":192.242265646,"data":"[  107.5s] test-e11: ordering 7 slot-series (185 slice headers)\n"}
,{"stream_name":"stdout","time":192.794603504,"data":"[  108.1s] test-e11: ordered 7/7 by geometry (0 kept arbitrary) in 1s\n"}
,{"stream_name":"stdout","time":192.795814827,"data":"[  108.1s] test-e11: decoding 7 slot-series\n"}
,{"stream_name":"stdout","time":193.142286987,"data":"[  108.4s]   test-e11 7/7\n"}
,{"stream_name":"stdout","time":193.438740463,"data":"[  108.4s] test-e11: 7/7 slots filled\n"}
,{"stream_name":"stdout","time":194.198839724,"data":"[  109.5s] RadImageNet strict load: 23,508,032 params; inference GPUs=2\n"}
,{"stream_name":"stdout","time":194.320153962,"data":"[  109.6s] RadImageNet encoded 0/56 acquired slices\n"}
,{"stream_name":"stdout","time":194.807450462,"data":"[  110.1s] E11 residual applied at alpha 0.15 over all 12 targets\n"}
,{"stream_name":"stdout","time":194.879052887,"data":"{\n"}
,{"stream_name":"stdout","time":194.879083378,"data":"  \"correction\": \"E10 RadImageNet uniform 0.60; Baker and Fracture preserved\",\n"}
,{"stream_name":"stdout","time":194.879089722,"data":"  \"dynamic_test_ids_exact\": true,\n"}
,{"stream_name":"stdout","time":194.87910452,"data":"  \"e10_contract_sha256\": \"219c91f40905181c222e2966b3fed01a96570ddfb64862357d5fd6cad500cd45\",\n"}
,{"stream_name":"stdout","time":194.879109413,"data":"  \"e10_heads_sha256\": \"0f465649799ecfbccaac1767844639e7ced44e1bc9babde6e4bac7c5d9b89eaa\",\n"}
,{"stream_name":"stdout","time":194.879113805,"data":"  \"finite_in_range\": true,\n"}
,{"stream_name":"stdout","time":194.879117959,"data":"  \"parent\": \"DINOv2 rank ensemble plus cross-series DINOv3\",\n"}
,{"stream_name":"stdout","time":194.879123071,"data":"  \"parent_sha256\": \"6df051512d8d03743002caa03a476437ee6be55b01ab3a2dea2663e0fce0356d\",\n"}
,{"stream_name":"stdout","time":194.879128096,"data":"  \"schema_exact\": true,\n"}
,{"stream_name":"stdout","time":194.879132964,"data":"  \"status\": \"VALID_DINOV3_E10_HYBRID_PER_TARGET_NESTED\",\n"}
,{"stream_name":"stdout","time":194.879137707,"data":"  \"submission_sha256\": \"851edfbb2546255461444be63731beaea7986bc5d4e60ff2962acddfbefe5fe5\",\n"}
,{"stream_name":"stdout","time":194.879142593,"data":"  \"test_studies\": 3\n"}
,{"stream_name":"stdout","time":194.879146567,"data":"}\n"}
,{"stream_name":"stderr","time":201.398407629,"data":"/usr/local/lib/python3.12/dist-packages/mistune.py:435: SyntaxWarning: invalid escape sequence '\\|'\n"}
,{"stream_name":"stderr","time":201.39844609,"data":"  cells[i][c] = re.sub('\\\\\\\\\\|', '|', cell)\n"}
,{"stream_name":"stderr","time":201.577190107,"data":"/usr/local/lib/python3.12/dist-packages/nbconvert/filters/filter_links.py:36: SyntaxWarning: invalid escape sequence '\\_'\n"}
,{"stream_name":"stderr","time":201.5772173,"data":"  text = re.sub(r'_', '\\_', text) # Escape underscores in display text\n"}
,{"stream_name":"stderr","time":202.330931627,"data":"[NbConvertApp] Converting notebook __notebook__.ipynb to notebook\n"}
,{"stream_name":"stderr","time":202.814486538,"data":"[NbConvertApp] Writing 902533 bytes to __notebook__.ipynb\n"}
,{"stream_name":"stderr","time":205.666611136,"data":"[NbConvertApp] Converting notebook __notebook__.ipynb to html\n"}
,{"stream_name":"stderr","time":208.204941767,"data":"[NbConvertApp] Support files will be in __results___files/\n"}
,{"stream_name":"stderr","time":208.204985839,"data":"[NbConvertApp] Making directory __results___files\n"}
,{"stream_name":"stderr","time":208.205389567,"data":"[NbConvertApp] Making directory __results___files\n"}
,{"stream_name":"stderr","time":208.206955923,"data":"[NbConvertApp] Writing 2127293 bytes to __results__.html\n"}
]