[{"stream_name":"stderr","time":7.544997898,"data":"0.00s - Debugger warning: It seems that frozen modules are being used, which may\n"}
,{"stream_name":"stderr","time":7.54504102,"data":"0.00s - make the debugger miss breakpoints. Please pass -Xfrozen_modules=off\n"}
,{"stream_name":"stderr","time":7.545053194,"data":"0.00s - to python to disable frozen modules.\n"}
,{"stream_name":"stderr","time":7.545056279,"data":"0.00s - Note: Debugging will proceed. Set PYDEVD_DISABLE_FILE_VALIDATION=1 to disable this validation.\n"}
,{"stream_name":"stderr","time":8.155702123,"data":"0.00s - Debugger warning: It seems that frozen modules are being used, which may\n"}
,{"stream_name":"stderr","time":8.155751873,"data":"0.00s - make the debugger miss breakpoints. Please pass -Xfrozen_modules=off\n"}
,{"stream_name":"stderr","time":8.155755779,"data":"0.00s - to python to disable frozen modules.\n"}
,{"stream_name":"stderr","time":8.155758526,"data":"0.00s - Note: Debugging will proceed. Set PYDEVD_DISABLE_FILE_VALIDATION=1 to disable this validation.\n"}
,{"stream_name":"stdout","time":17.609942853,"data":"cuda:0 probe PASS (compute 7.5)\n"}
,{"stream_name":"stdout","time":17.642797836,"data":"cuda:1 probe PASS (compute 7.5)\n"}
,{"stream_name":"stdout","time":17.642829719,"data":"devices: ['cuda:0', 'cuda:1']\n"}
,{"stream_name":"stdout","time":17.722312395,"data":"[    0.1s] input root: /kaggle/input/competitions/rsna-knee-abnormality-detection\n"}
,{"stream_name":"stdout","time":17.843476779,"data":"[    0.2s] memory: 29.5 GB available, 13.3 GB to the cache; sizing for 4407 train + 1322 test studies -\u003e 1 group(s) of 3 = 3 slices per slot\n"}
,{"stream_name":"stdout","time":17.844415818999998,"data":"[    0.2s] cache layout: 1 groups x 3 slices = 3 per slot\n"}
,{"stream_name":"stdout","time":41.568055933,"data":"[   23.9s] weights package: 20 member(s) from /kaggle/input/rsna-knee-weights; 2 device(s)\n"}
,{"stream_name":"stdout","time":41.685301922,"data":"[   24.0s] test header pass: 15 series\n"}
,{"stream_name":"stdout","time":43.63844409,"data":"[   26.0s] legacy bundle rsna_20260807_v1.pt: 4 fold(s) join with target-specific per-member weights [2.5, 5.0, 15.0]\n"}
,{"stream_name":"stdout","time":43.667825311,"data":"[   26.0s] decode group 1/2: 336px x 12 slices, crop 130.0 mm -\u003e 20 member(s)\n"}
,{"stream_name":"stdout","time":43.67119722,"data":"[   26.0s] test laterality: 1 from the tag, 2 from geometry, 0 unresolved; tag and geometry disagree on 0 (0.0% of the tagged)\n"}
,{"stream_name":"stdout","time":43.672261148,"data":"[   26.0s] test g1: cache (3, 6, 12, 336, 336) = 0.0 GB\n"}
,{"stream_name":"stdout","time":43.673111644,"data":"[   26.0s] test g1: ordering 12 slot-series (469 slice headers)\n"}
,{"stream_name":"stdout","time":46.384543243,"data":"[   28.7s] test g1: ordered 12/12 by geometry (0 kept arbitrary) in 3s\n"}
,{"stream_name":"stdout","time":46.385583107,"data":"[   28.7s] test g1: decoding 12 slot-series\n"}
,{"stream_name":"stdout","time":47.222159645,"data":"[   29.6s]   test g1 12/12\n"}
,{"stream_name":"stdout","time":47.43779192,"data":"[   29.6s] test g1: 12/12 slots filled\n"}
,{"stream_name":"stdout","time":50.25126717,"data":"[   32.4s] backbone: 12 blocks, last 6 trainable (10.7M params), feature dim 768\n"}
,{"stream_name":"stdout","time":51.314197899,"data":"[   33.7s] e5427d6c21: fingerprint matches within 2.8e-06\n"}
,{"stream_name":"stdout","time":52.421044749,"data":"[   34.5s] backbone: 12 blocks, last 6 trainable (10.7M params), feature dim 768\n"}
,{"stream_name":"stdout","time":52.6186547,"data":"[   35.0s]   banked e5427d6c21 fold 2 (10 window(s)); submission.csv = weighted rank mean of 1 member(s)\n"}
,{"stream_name":"stdout","time":52.920106796,"data":"[   35.3s] d47313baef: fingerprint matches within 2.1e-06\n"}
,{"stream_name":"stdout","time":54.235178878,"data":"[   36.4s]   banked d47313baef fold 2 (10 window(s)); submission.csv = weighted rank mean of 2 member(s)\n"}
,{"stream_name":"stdout","time":54.235255305,"data":"[   36.4s] backbone: 12 blocks, last 6 trainable (10.7M params), feature dim 768\n"}
,{"stream_name":"stdout","time":54.361777567,"data":"[   36.7s] ea3fbf6edf: fingerprint matches within 3.8e-06\n"}
,{"stream_name":"stdout","time":55.466907581,"data":"[   37.5s] backbone: 12 blocks, last 6 trainable (10.7M params), feature dim 768\n"}
,{"stream_name":"stdout","time":55.524709727,"data":"[   37.9s] 5f8ba4c5ea: fingerprint matches within 3.3e-06\n"}
,{"stream_name":"stdout","time":56.088090207,"data":"[   38.5s]   banked ea3fbf6edf fold 2 (10 window(s), jitter); submission.csv = weighted rank mean of 3 member(s)\n"}
,{"stream_name":"stdout","time":57.073229886,"data":"[   39.4s]   banked 5f8ba4c5ea fold 2 (10 window(s), jitter); submission.csv = weighted rank mean of 4 member(s)\n"}
,{"stream_name":"stdout","time":57.494973753,"data":"[   39.6s] backbone: 12 blocks, last 6 trainable (10.7M params), feature dim 768\n"}
,{"stream_name":"stdout","time":57.574407799,"data":"[   39.9s] 013dc75703: fingerprint matches within 3.3e-06\n"}
,{"stream_name":"stdout","time":58.800980016,"data":"[   40.8s] backbone: 12 blocks, last 6 trainable (10.7M params), feature dim 768\n"}
,{"stream_name":"stdout","time":58.90238127,"data":"[   41.3s] 2f7e785e82: fingerprint matches within 1.1e-06\n"}
,{"stream_name":"stdout","time":59.203474978,"data":"[   41.6s]   banked 013dc75703 fold 4 (10 window(s), jitter); submission.csv = weighted rank mean of 5 member(s)\n"}
,{"stream_name":"stdout","time":60.36686555,"data":"[   42.4s] backbone: 12 blocks, last 6 trainable (10.7M params), feature dim 768\n"}
,{"stream_name":"stdout","time":60.367770552,"data":"[   42.7s] 8baecb9d1b: fingerprint matches within 2.4e-06\n"}
,{"stream_name":"stdout","time":60.607511515,"data":"[   43.0s]   banked 2f7e785e82 fold 4 (10 window(s), jitter); submission.csv = weighted rank mean of 6 member(s)\n"}
,{"stream_name":"stdout","time":61.855352198,"data":"[   43.9s] backbone: 12 blocks, last 6 trainable (10.7M params), feature dim 768\n"}
,{"stream_name":"stdout","time":61.856276195,"data":"[   44.2s] 44bc3c6f14: fingerprint matches within 3.8e-06\n"}
,{"stream_name":"stdout","time":62.195973799,"data":"[   44.6s]   banked 8baecb9d1b fold 4 (10 window(s), jitter); submission.csv = weighted rank mean of 7 member(s)\n"}
,{"stream_name":"stdout","time":63.330845086,"data":"[   45.4s] backbone: 12 blocks, last 6 trainable (10.7M params), feature dim 768\n"}
,{"stream_name":"stdout","time":63.553211891,"data":"[   45.9s] 44128e3ff3: fingerprint matches within 4.3e-06\n"}
,{"stream_name":"stdout","time":63.569110238,"data":"[   45.9s]   banked 44bc3c6f14 fold 0 (10 window(s), jitter); submission.csv = weighted rank mean of 8 member(s)\n"}
,{"stream_name":"stdout","time":64.573264129,"data":"[   46.6s] backbone: 12 blocks, last 6 trainable (10.7M params), feature dim 768\n"}
,{"stream_name":"stdout","time":64.636330632,"data":"[   47.0s] 84079fe8cb: fingerprint matches within 1.2e-06\n"}
,{"stream_name":"stdout","time":65.129480359,"data":"[   47.5s]   banked 44128e3ff3 fold 0 (10 window(s), jitter); submission.csv = weighted rank mean of 9 member(s)\n"}
,{"stream_name":"stdout","time":66.164851979,"data":"[   48.2s] backbone: 12 blocks, last 6 trainable (10.7M params), feature dim 768\n"}
,{"stream_name":"stdout","time":66.199257511,"data":"[   48.6s] ed427aa10a: fingerprint matches within 4.6e-06\n"}
,{"stream_name":"stdout","time":66.447748463,"data":"[   48.8s]   banked 84079fe8cb fold 3 (10 window(s), jitter); submission.csv = weighted rank mean of 10 member(s)\n"}
,{"stream_name":"stdout","time":67.515836547,"data":"[   49.5s] backbone: 12 blocks, last 6 trainable (10.7M params), feature dim 768\n"}
,{"stream_name":"stdout","time":67.542764796,"data":"[   49.9s] 2dce50ebd9: fingerprint matches within 3.8e-06\n"}
,{"stream_name":"stdout","time":68.004802468,"data":"[   50.4s]   banked ed427aa10a fold 0 (10 window(s), jitter); submission.csv = weighted rank mean of 11 member(s)\n"}
,{"stream_name":"stdout","time":69.034178704,"data":"[   51.1s] backbone: 12 blocks, last 6 trainable (10.7M params), feature dim 768\n"}
,{"stream_name":"stdout","time":69.308674677,"data":"[   51.7s] 3d1f4c48fc: fingerprint matches within 1.3e-06\n"}
,{"stream_name":"stdout","time":69.328771087,"data":"[   51.7s]   banked 2dce50ebd9 fold 0 (10 window(s), jitter); submission.csv = weighted rank mean of 12 member(s)\n"}
,{"stream_name":"stdout","time":70.430395938,"data":"[   52.4s] backbone: 12 blocks, last 6 trainable (10.7M params), feature dim 768\n"}
,{"stream_name":"stdout","time":70.431166716,"data":"[   52.8s] 91f171fe6f: fingerprint matches within 2.6e-06\n"}
,{"stream_name":"stdout","time":70.918420585,"data":"[   53.3s]   banked 3d1f4c48fc fold 4 (10 window(s), jitter); submission.csv = weighted rank mean of 13 member(s)\n"}
,{"stream_name":"stdout","time":71.923511239,"data":"[   54.0s] backbone: 12 blocks, last 6 trainable (10.7M params), feature dim 768\n"}
,{"stream_name":"stdout","time":72.150817039,"data":"[   54.5s]   banked 91f171fe6f fold 1 (10 window(s), jitter); submission.csv = weighted rank mean of 14 member(s)\n"}
,{"stream_name":"stdout","time":72.24074044,"data":"[   54.6s] 8476b29285: fingerprint matches within 4.4e-06\n"}
,{"stream_name":"stdout","time":73.339499202,"data":"[   55.3s] backbone: 12 blocks, last 6 trainable (10.7M params), feature dim 768\n"}
,{"stream_name":"stdout","time":73.36063576,"data":"[   55.7s] 72081758ce: fingerprint matches within 2.9e-06\n"}
,{"stream_name":"stdout","time":73.87379165,"data":"[   56.2s]   banked 8476b29285 fold 1 (10 window(s), jitter); submission.csv = weighted rank mean of 15 member(s)\n"}
,{"stream_name":"stdout","time":74.926463125,"data":"[   56.9s] backbone: 12 blocks, last 6 trainable (10.7M params), feature dim 768\n"}
,{"stream_name":"stdout","time":75.114936544,"data":"[   57.5s] 7f8321affc: fingerprint matches within 2.9e-06\n"}
,{"stream_name":"stdout","time":75.134147313,"data":"[   57.5s]   banked 72081758ce fold 3 (10 window(s), jitter); submission.csv = weighted rank mean of 16 member(s)\n"}
,{"stream_name":"stdout","time":76.262531235,"data":"[   58.3s] backbone: 12 blocks, last 6 trainable (10.7M params), feature dim 768\n"}
,{"stream_name":"stdout","time":76.294150461,"data":"[   58.7s] 1e553ba481: fingerprint matches within 1.7e-06\n"}
,{"stream_name":"stdout","time":76.776471559,"data":"[   59.1s]   banked 7f8321affc fold 3 (10 window(s), jitter); submission.csv = weighted rank mean of 17 member(s)\n"}
,{"stream_name":"stdout","time":77.737998436,"data":"[   59.9s] backbone: 12 blocks, last 6 trainable (10.7M params), feature dim 768\n"}
,{"stream_name":"stdout","time":78.060747982,"data":"[   60.4s] b7c37cc80e: fingerprint matches within 1.1e-06\n"}
,{"stream_name":"stdout","time":78.081646906,"data":"[   60.4s]   banked 1e553ba481 fold 1 (10 window(s), jitter); submission.csv = weighted rank mean of 18 member(s)\n"}
,{"stream_name":"stdout","time":79.026517752,"data":"[   61.1s] backbone: 12 blocks, last 6 trainable (10.7M params), feature dim 768\n"}
,{"stream_name":"stdout","time":79.135549721,"data":"[   61.5s] f335c812fe: fingerprint matches within 2.9e-06\n"}
,{"stream_name":"stdout","time":79.665589054,"data":"[   62.0s]   banked b7c37cc80e fold 3 (10 window(s), jitter); submission.csv = weighted rank mean of 19 member(s)\n"}
,{"stream_name":"stdout","time":80.853241878,"data":"[   63.0s]   banked f335c812fe fold 1 (10 window(s), jitter); submission.csv = weighted rank mean of 20 member(s)\n"}
,{"stream_name":"stdout","time":80.854185798,"data":"[   63.2s] decode group 2/2: 224px x 9 slices, crop 160.0 mm -\u003e 4 member(s)\n"}
,{"stream_name":"stdout","time":80.883844835,"data":"[   63.2s] test laterality: 1 from the tag, 2 from geometry, 0 unresolved; tag and geometry disagree on 0 (0.0% of the tagged)\n"}
,{"stream_name":"stdout","time":80.885031975,"data":"[   63.2s] test g2: cache (3, 6, 9, 224, 224) = 0.0 GB\n"}
,{"stream_name":"stdout","time":80.886062464,"data":"[   63.2s] test g2: ordering 14 slot-series (523 slice headers)\n"}
,{"stream_name":"stdout","time":82.067443144,"data":"[   64.4s] test g2: ordered 14/14 by geometry (0 kept arbitrary) in 1s\n"}
,{"stream_name":"stdout","time":82.068526158,"data":"[   64.4s] test g2: decoding 14 slot-series\n"}
,{"stream_name":"stdout","time":82.74430147,"data":"[   65.1s]   test g2 14/14\n"}
,{"stream_name":"stdout","time":82.959615369,"data":"[   65.1s] test g2: 14/14 slots filled\n"}
,{"stream_name":"stdout","time":83.489195225,"data":"[   65.6s] backbone: 12 blocks, last 6 trainable (10.7M params), feature dim 1152\n"}
,{"stream_name":"stdout","time":83.490019879,"data":"[   65.7s]   legacy-f0: no stored fingerprint (legacy bundle) -- accepted at reduced weight\n"}
,{"stream_name":"stdout","time":84.10633736,"data":"[   66.1s] backbone: 12 blocks, last 6 trainable (10.7M params), feature dim 1152\n"}
,{"stream_name":"stdout","time":84.107195131,"data":"[   66.3s]   legacy-f1: no stored fingerprint (legacy bundle) -- accepted at reduced weight\n"}
,{"stream_name":"stdout","time":84.30471669,"data":"[   66.7s]   banked legacy-f0 fold 0 (7 window(s), jitter); submission.csv = weighted rank mean of 21 member(s)\n"}
,{"stream_name":"stdout","time":84.950358587,"data":"[   67.0s] backbone: 12 blocks, last 6 trainable (10.7M params), feature dim 1152\n"}
,{"stream_name":"stdout","time":84.951183738,"data":"[   67.2s]   legacy-f2: no stored fingerprint (legacy bundle) -- accepted at reduced weight\n"}
,{"stream_name":"stdout","time":85.099499228,"data":"[   67.5s]   banked legacy-f1 fold 1 (7 window(s), jitter); submission.csv = weighted rank mean of 22 member(s)\n"}
,{"stream_name":"stdout","time":85.77008892,"data":"[   67.8s] backbone: 12 blocks, last 6 trainable (10.7M params), feature dim 1152\n"}
,{"stream_name":"stdout","time":85.770897542,"data":"[   68.0s]   legacy-f3: no stored fingerprint (legacy bundle) -- accepted at reduced weight\n"}
,{"stream_name":"stdout","time":85.925897649,"data":"[   68.3s]   banked legacy-f2 fold 2 (7 window(s), jitter); submission.csv = weighted rank mean of 23 member(s)\n"}
,{"stream_name":"stdout","time":86.649287411,"data":"[   68.8s]   banked legacy-f3 fold 3 (7 window(s), jitter); submission.csv = weighted rank mean of 24 member(s)\n"}
,{"stream_name":"stdout","time":86.65919494,"data":"[   69.0s] final submission.csv = weighted rank mean of 24 member(s); (3, 13); nulls 0\n"}
,{"stream_name":"stdout","time":86.66858959,"data":"[   69.0s] submission_public_0899.csv = exact no-jitter public-frontier rank mean of 20 member(s); (3, 13); nulls 0\n"}
,{"stream_name":"stdout","time":86.70453104,"data":"[   69.1s] V40 primary = exact no-jitter public-frontier target pooling; native 24-member output retained\n"}
,{"stream_name":"stdout","time":86.705498858,"data":"[   69.1s] done\n"}
,{"stream_name":"stdout","time":86.706263593,"data":"[   69.1s] done\n"}
,{"stream_name":"stdout","time":90.317952869,"data":"competition : /kaggle/input/competitions/rsna-knee-abnormality-detection\n"}
,{"stream_name":"stdout","time":90.317984201,"data":"checkpoints : /kaggle/input/knee-mri-fold-weights\n"}
,{"stream_name":"stdout","time":90.317990574,"data":"device      : cuda\n"}
,{"stream_name":"stdout","time":90.317995303,"data":"  gpu0       : Tesla T4 sm_75, 15 GiB, native bf16=False\n"}
,{"stream_name":"stdout","time":90.318001008,"data":"  gpu1       : Tesla T4 sm_75, 15 GiB, native bf16=False\n"}
,{"stream_name":"stdout","time":90.438596463,"data":"series root: /kaggle/input/competitions/rsna-knee-abnormality-detection/test_series\n"}
,{"stream_name":"stdout","time":90.438634479,"data":"3 test studies, 3 with series metadata\n"}
,{"stream_name":"stdout","time":91.631248444,"data":"loaded m_f0.pt  fold 0  vit_small_patch16_dinov3.lvd1689m pool=xcodex meta=none\n"}
,{"stream_name":"stdout","time":92.397070894,"data":"loaded m_f1.pt  fold 1  vit_small_patch16_dinov3.lvd1689m pool=xcodex meta=none\n"}
,{"stream_name":"stdout","time":93.163340333,"data":"loaded m_f2.pt  fold 2  vit_small_patch16_dinov3.lvd1689m pool=xcodex meta=none\n"}
,{"stream_name":"stdout","time":93.901972987,"data":"loaded m_f3.pt  fold 3  vit_small_patch16_dinov3.lvd1689m pool=xcodex meta=none\n"}
,{"stream_name":"stdout","time":94.452269721,"data":"loaded m_f4.pt  fold 4  vit_small_patch16_dinov3.lvd1689m pool=xcodex meta=none\n"}
,{"stream_name":"stdout","time":94.452320469,"data":"\n"}
,{"stream_name":"stdout","time":94.452326888,"data":"5 fold models ready | input norm: none\n"}
,{"stream_name":"stdout","time":94.724751999,"data":"device cuda | amp float16 (on=True) | workers 4 | chunk 48 | micro 8\n"}
,{"stream_name":"stdout","time":97.517754599,"data":"  3/3  0.0m  eta 0.0m\n"}
,{"stream_name":"stdout","time":97.605023847,"data":"\n"}
,{"stream_name":"stdout","time":97.605056849,"data":"inference done in 0.0 min\n"}
,{"stream_name":"stdout","time":99.577344385,"data":"[   81.9s] test-e10 laterality: 1 from the tag, 2 from geometry, 0 unresolved; tag and geometry disagree on 0 (0.0% of the tagged)\n"}
,{"stream_name":"stdout","time":99.57829529,"data":"[   81.9s] test-e10: cache (3, 3, 8, 224, 224) = 0.0 GB\n"}
,{"stream_name":"stdout","time":99.579417191,"data":"[   81.9s] test-e10: ordering 8 slot-series (366 slice headers)\n"}
,{"stream_name":"stdout","time":100.31869837,"data":"[   82.7s] test-e10: ordered 8/8 by geometry (0 kept arbitrary) in 1s\n"}
,{"stream_name":"stdout","time":100.31971133,"data":"[   82.7s] test-e10: decoding 8 slot-series\n"}
,{"stream_name":"stdout","time":100.692348931,"data":"[   83.1s]   test-e10 8/8\n"}
,{"stream_name":"stdout","time":100.951527388,"data":"[   83.1s] test-e10: 8/8 slots filled\n"}
,{"stream_name":"stdout","time":101.734731196,"data":"[Rad-dual5] public v15 family complete with its legacy pixels (/kaggle/input/rsna-knee-e9-radimagenet-heads-v15/v52_radimagenet_heads.pt)\n"}
,{"stream_name":"stdout","time":103.676171187,"data":"[Rad-dual5] native family 3/3 studies; elapsed 0.1m, rough eta 0.0m\n"}
,{"stream_name":"stdout","time":103.957767502,"data":"[Rad-dual5] wrote 0.65*rank(parent)+0.35*(0.5*rank(v15)+0.5*rank(ours)); v15=/kaggle/input/rsna-knee-e9-radimagenet-heads-v15/v52_radimagenet_heads.pt; ours=/kaggle/input/rsna-knee-radimagenet-foldsv1-heads; encoder=/kaggle/input/resnet-50-radimagenet-marwan/ResNet50.pt; preserved raw=[\"Baker's\", 'Fracture']; elapsed=0.1m\n"}
,{"stream_name":"stderr","time":109.971049563,"data":"/usr/local/lib/python3.12/dist-packages/mistune.py:435: SyntaxWarning: invalid escape sequence '\\|'\n"}
,{"stream_name":"stderr","time":109.971095072,"data":"  cells[i][c] = re.sub('\\\\\\\\\\|', '|', cell)\n"}
,{"stream_name":"stderr","time":110.132910816,"data":"/usr/local/lib/python3.12/dist-packages/nbconvert/filters/filter_links.py:36: SyntaxWarning: invalid escape sequence '\\_'\n"}
,{"stream_name":"stderr","time":110.132936178,"data":"  text = re.sub(r'_', '\\_', text) # Escape underscores in display text\n"}
,{"stream_name":"stderr","time":110.801492662,"data":"[NbConvertApp] Converting notebook __notebook__.ipynb to notebook\n"}
,{"stream_name":"stderr","time":111.24824504,"data":"[NbConvertApp] Writing 715542 bytes to __notebook__.ipynb\n"}
,{"stream_name":"stderr","time":113.599122083,"data":"[NbConvertApp] Converting notebook __notebook__.ipynb to html\n"}
,{"stream_name":"stderr","time":115.496675527,"data":"[NbConvertApp] Writing 1953026 bytes to __results__.html\n"}
]